=== VITALS ===
  blood_pressure: 172/108 mmHg
  heart_rate: 108 bpm
  respiratory_rate: 26/min
  oxygen_saturation: 90%
  blood_sugar: 256 mg/dL

=== MEDICATIONS ===
  Dapagliflozin 10 mg once daily
  Finerenone 10 mg
  Furosemide

=== DIAGNOSTIC TESTS ===
  HbA1c
  Chest X-ray
  ECG

=== FOLLOW-UP: 5th April 2026 at 9 AM ===

=== REFERRALS: ['Cardiologist Dr', 'Cardiologist Dr. Mehta', 'Nephrologist Dr. Singh'] ===

=== PMH: ['Type-2 Diabetes', 'Hypertension', 'Chronic Kidney Disease Stage 4', 'Coronary Artery Disease', 'Congestive Heart Failure', 'Diabetes', 'Chronic Kidney Disease', 'Heart Failure'] ===

=== WARNING SIGNS: ['Breathlessness'] ===
